src/components/config-backend/ConfigBackendLayout.tsx(13,25): error TS1484: 'AnyApiConfig' is a type and must be imported using a type-only import when 'verbatimModuleSyntax' is enabled.
src/components/config-backend/KnowledgeGraphView.tsx(148,36): error TS2339: Property 'map' does not exist on type 'ObjectTypesResponse'.
src/components/config-backend/KnowledgeGraphView.tsx(148,41): error TS7006: Parameter 't' implicitly has an 'any' type.
src/components/config-backend/KnowledgeGraphView.tsx(148,44): error TS7006: Parameter 'i' implicitly has an 'any' type.
src/components/config-backend/KnowledgeGraphView.tsx(148,85): error TS2339: Property 'length' does not exist on type 'ObjectTypesResponse'.
src/components/config-backend/KnowledgeGraphView.tsx(153,46): error TS2339: Property 'map' does not exist on type 'EdgeTypesResponse'.
src/components/product-supply-optimization/DemandForecastPanel.tsx(5,10): error TS2305: Module '"../../services/demandForecastService"' has no exported member 'calculateDemandForecast'.
src/components/product-supply-optimization/ProductOrderAnalysisCard.tsx(6,8): error TS2613: Module '"C:/program_demo/chain-neural/SupplyChainBrain/src/components/product-supply-optimization/OrderAnalysisModal"' has no default export. Did you mean to use 'import { OrderAnalysisModal } from "C:/program_demo/chain-neural/SupplyChainBrain/src/components/product-supply-optimization/OrderAnalysisModal"' instead?
src/components/views/DeliveryViewEnhanced.tsx(80,7): error TS2322: Type 'string | undefined' is not assignable to type 'Date | undefined'.
  Type 'string' is not assignable to type 'Date'.
src/components/views/DeliveryViewEnhanced.tsx(81,7): error TS2322: Type 'string | undefined' is not assignable to type 'Date | undefined'.
  Type 'string' is not assignable to type 'Date'.
src/components/views/InventoryView.tsx(195,13): error TS2322: Type '{ products: any[]; loading: boolean; }' is not assignable to type 'IntrinsicAttributes & Props'.
  Property 'products' does not exist on type 'IntrinsicAttributes & Props'.
src/components/views/InventoryView.tsx(199,13): error TS2322: Type '{ dimensions: string[]; loading: boolean; }' is not assignable to type 'IntrinsicAttributes & Props'.
  Property 'dimensions' does not exist on type 'IntrinsicAttributes & Props'.
src/services/deliveryDataService.ts(183,67): error TS2339: Property 'riskLevel' does not exist on type 'DeliveryOrder'.
src/services/deliveryDataService.ts(220,29): error TS2339: Property 'orderNo' does not exist on type 'DeliveryOrder'.
src/services/productSupplyService.ts(160,5): error TS2741: Property 'productName' is missing in type '{ productId: string; stage: "Maturity"; salesTrend: "stable"; marketShare: number; profitMargin: number; recommendation: string; roi: string; revenue: string; stock: string; actionType: "promote"; suggestion: string; }' but required in type 'ProductLifecycleAssessment'.
