src/api/httpClient.ts(77,21): error TS2304: Cannot find name 'getAuthToken'.
src/components/cockpit/MaterialInventoryCharts.tsx(66,9): error TS2367: This comparison appears to be unintentional because the types '"api"' and '"mock"' have no overlap.
src/components/cockpit/MaterialInventoryPanel.tsx(150,5): error TS2367: This comparison appears to be unintentional because the types '"api"' and '"mock"' have no overlap.
src/components/planning/GanttGridChart.tsx(78,62): error TS2345: Argument of type '{ [key: string]: any; id: string; }' is not assignable to parameter of type '{ startDate: Date; endDate: Date; duration?: number | undefined; }'.
  Type '{ [key: string]: any; id: string; }' is missing the following properties from type '{ startDate: Date; endDate: Date; duration?: number | undefined; }': startDate, endDate
src/components/planning/GanttGridChart.tsx(229,25): error TS2322: Type '{ [key: string]: any; id: string; }' is not assignable to type 'GanttTask | MaterialReadyGanttTask'.
  Type '{ [key: string]: any; id: string; }' is missing the following properties from type 'MaterialReadyGanttTask': code, status, isReady, requiredQuantity, and 9 more.
src/components/planning/GanttGridChart.tsx(232,57): error TS2345: Argument of type '{ [key: string]: any; id: string; }' is not assignable to parameter of type 'GanttTask'.
  Type '{ [key: string]: any; id: string; }' is missing the following properties from type 'GanttTask': name, type, level, startDate, and 3 more.
src/components/planning/MPSPrototype.new.tsx(23,32): error TS2307: Cannot find module '../common/LoadingSpinner' or its corresponding type declarations.
src/components/planning/MPSPrototype.new.tsx(24,30): error TS2307: Cannot find module '../common/ErrorDisplay' or its corresponding type declarations.
src/components/planning/MPSPrototype.new.tsx(25,28): error TS2307: Cannot find module '../common/EmptyState' or its corresponding type declarations.
src/components/planning/MPSPrototype.new.tsx(28,29): error TS2307: Cannot find module '../../services/product.service' or its corresponding type declarations.
src/components/planning/MPSPrototype.new.tsx(29,69): error TS2307: Cannot find module '../../services/productBOM.service' or its corresponding type declarations.
src/components/planning/MPSPrototype.new.tsx(30,44): error TS2307: Cannot find module '../../services/inventory.service' or its corresponding type declarations.
src/components/planning/MPSPrototype.new.tsx(31,64): error TS2307: Cannot find module '../../services/salesOrder.service' or its corresponding type declarations.
src/components/planning/MPSPrototype.new.tsx(90,48): error TS18048: 'item.quantityPerSet' is possibly 'undefined'.
src/components/planning/MPSPrototype.new.tsx(95,11): error TS18048: 'item.inventory' is possibly 'undefined'.
src/components/planning/MPSPrototype.new.tsx(99,31): error TS2339: Property 'name' does not exist on type 'BOMItem'.
src/components/planning/MPSPrototype.new.tsx(100,24): error TS2339: Property 'id' does not exist on type 'BOMItem'.
src/components/planning/MPSPrototype.new.tsx(101,26): error TS2339: Property 'name' does not exist on type 'BOMItem'.
src/components/planning/MPSPrototype.new.tsx(113,28): error TS2339: Property 'name' does not exist on type 'BOMItem'.
src/components/planning/MPSPrototype.new.tsx(114,24): error TS2339: Property 'id' does not exist on type 'BOMItem'.
src/components/planning/MPSPrototype.new.tsx(115,26): error TS2339: Property 'name' does not exist on type 'BOMItem'.
src/components/planning/MPSPrototype.new.tsx(120,11): error TS18048: 'item.inventory' is possibly 'undefined'.
src/components/planning/MPSPrototype.new.tsx(124,28): error TS2339: Property 'name' does not exist on type 'BOMItem'.
src/components/planning/MPSPrototype.new.tsx(125,24): error TS2339: Property 'id' does not exist on type 'BOMItem'.
src/components/planning/MPSPrototype.new.tsx(126,26): error TS2339: Property 'name' does not exist on type 'BOMItem'.
src/components/planning/MPSPrototype.new.tsx(148,33): error TS2345: Argument of type 'BOMItem[]' is not assignable to parameter of type '{ [key: string]: any; id: string; name: string; type: "material" | "product" | "module" | "component"; quantityPerSet: number; deliveryCycle?: number | undefined; processingTime?: number | undefined; children?: any[] | undefined; }[]'.
  Type 'BOMItem' is missing the following properties from type '{ [key: string]: any; id: string; name: string; type: "material" | "product" | "module" | "component"; quantityPerSet: number; deliveryCycle?: number | undefined; processingTime?: number | undefined; children?: any[] | undefined; }': id, name
src/components/planning/MPSPrototype.new.tsx(152,13): error TS2322: Type '{ [key: string]: any; id: string; name: string; type: string; level: number; startDate: Date; endDate: Date; duration: number; status: string; children?: any[] | undefined; }' is not assignable to type 'GanttTask'.
  Types of property 'type' are incompatible.
    Type 'string' is not assignable to type '"material" | "product" | "module" | "component"'.
src/components/planning/MPSPrototype.new.tsx(182,41): error TS7006: Parameter 'p' implicitly has an 'any' type.
src/components/planning/MPSPrototype.new.tsx(217,113): error TS2345: Argument of type 'string | null' is not assignable to parameter of type 'string'.
  Type 'null' is not assignable to type 'string'.
src/components/planning/MPSPrototype.new.tsx(319,29): error TS7006: Parameter 'product' implicitly has an 'any' type.
src/components/planning/MPSPrototype.new.tsx(352,29): error TS7006: Parameter 'product' implicitly has an 'any' type.
src/components/planning/MPSPrototype.new.tsx(380,29): error TS7006: Parameter 'product' implicitly has an 'any' type.
src/components/planning/MPSPrototype.new.tsx(422,27): error TS7006: Parameter 'product' implicitly has an 'any' type.
src/components/planning/MPSPrototype.new.tsx(444,26): error TS2345: Argument of type 'GanttTask | MaterialReadyGanttTask' is not assignable to parameter of type 'SetStateAction<GanttTask | null>'.
  Type 'MaterialReadyGanttTask' is not assignable to type 'SetStateAction<GanttTask | null>'.
    Type 'MaterialReadyGanttTask' is not assignable to type 'GanttTask'.
      Types of property 'status' are incompatible.
        Type '"normal" | "ready" | "not-ready" | "overdue"' is not assignable to type '"normal" | "critical" | "warning"'.
          Type '"ready"' is not assignable to type '"normal" | "critical" | "warning"'.
src/components/planning/MPSPrototype.tsx(307,14): error TS2304: Cannot find name 'AlertTriangle'.
src/components/views/InventoryView.tsx(132,5): error TS2367: This comparison appears to be unintentional because the types '"api"' and '"mock"' have no overlap.
src/components/views/InventoryView.tsx(133,33): error TS2367: This comparison appears to be unintentional because the types '"api"' and '"mock"' have no overlap.
src/components/views/InventoryView.tsx(219,6): error TS2367: This comparison appears to be unintentional because the types '"api"' and '"mock"' have no overlap.
src/components/views/InventoryView.tsx(220,33): error TS2367: This comparison appears to be unintentional because the types '"api"' and '"mock"' have no overlap.
src/services/apiConfigService.ts(52,24): error TS2352: Conversion of type 'KnowledgeNetworkConfig[]' to type 'T[]' may be a mistake because neither type sufficiently overlaps with the other. If this was intentional, convert the expression to 'unknown' first.
  Type 'KnowledgeNetworkConfig' is not comparable to type 'T'.
    'KnowledgeNetworkConfig' is assignable to the constraint of type 'T', but 'T' could be instantiated with a different subtype of constraint 'BaseApiConfig'.
src/services/apiConfigService.ts(54,24): error TS2352: Conversion of type 'DataViewConfig[]' to type 'T[]' may be a mistake because neither type sufficiently overlaps with the other. If this was intentional, convert the expression to 'unknown' first.
  Type 'DataViewConfig' is not comparable to type 'T'.
    'DataViewConfig' is assignable to the constraint of type 'T', but 'T' could be instantiated with a different subtype of constraint 'BaseApiConfig'.
src/services/apiConfigService.ts(56,24): error TS2352: Conversion of type 'MetricModelConfig[]' to type 'T[]' may be a mistake because neither type sufficiently overlaps with the other. If this was intentional, convert the expression to 'unknown' first.
  Type 'MetricModelConfig' is not comparable to type 'T'.
    'MetricModelConfig' is assignable to the constraint of type 'T', but 'T' could be instantiated with a different subtype of constraint 'BaseApiConfig'.
src/services/apiConfigService.ts(58,24): error TS2352: Conversion of type 'AgentConfig[]' to type 'T[]' may be a mistake because neither type sufficiently overlaps with the other. If this was intentional, convert the expression to 'unknown' first.
  Type 'AgentConfig' is not comparable to type 'T'.
    'AgentConfig' is assignable to the constraint of type 'T', but 'T' could be instantiated with a different subtype of constraint 'BaseApiConfig'.
src/services/apiConfigService.ts(60,24): error TS2352: Conversion of type 'WorkflowConfig[]' to type 'T[]' may be a mistake because neither type sufficiently overlaps with the other. If this was intentional, convert the expression to 'unknown' first.
  Type 'WorkflowConfig' is not comparable to type 'T'.
    'WorkflowConfig' is assignable to the constraint of type 'T', but 'T' could be instantiated with a different subtype of constraint 'BaseApiConfig'.
src/services/bomInventoryService.ts(681,32): error TS18048: 'inv.unit_price' is possibly 'undefined'.
src/services/bomInventoryService.ts(682,118): error TS18048: 'inv.unit_price' is possibly 'undefined'.
src/services/configStorageService.ts(516,21): error TS2322: Type '"manual"' is not assignable to type 'WorkflowTriggerType | undefined'.
src/services/mpsDataService.ts(11,3): error TS2724: '"../types/ontology"' has no exported member named 'ProductionPlan'. Did you mean 'ProductionPlanMode'?
src/services/mpsDataService.ts(12,3): error TS2305: Module '"../types/ontology"' has no exported member 'Inventory'.
src/services/mpsDataService.ts(408,6): error TS7006: Parameter 'sum' implicitly has an 'any' type.
src/services/mpsDataService.ts(408,11): error TS7006: Parameter 'plan' implicitly has an 'any' type.
src/services/productionPlan.service.ts(10,26): error TS2307: Cannot find module '@tanstack/react-query' or its corresponding type declarations.
src/services/productionPlan.service.ts(11,37): error TS2307: Cannot find module '@tanstack/react-query' or its corresponding type declarations.
src/services/productionPlan.service.ts(12,49): error TS2307: Cannot find module '@/api/ontologyClient' or its corresponding type declarations.
src/services/productionPlan.service.ts(13,37): error TS2307: Cannot find module '@/api/ontologyClient' or its corresponding type declarations.
src/services/productionPlan.service.ts(14,42): error TS2307: Cannot find module '@/api/validation/validators' or its corresponding type declarations.
src/services/productionPlan.service.ts(15,46): error TS2307: Cannot find module '@/api/validation/schemas' or its corresponding type declarations.
src/services/productionPlan.service.ts(16,37): error TS2307: Cannot find module '@/types/ontology' or its corresponding type declarations.
src/services/productionPlan.service.ts(17,47): error TS2307: Cannot find module '@/utils/dateFormatter' or its corresponding type declarations.
src/types/apiConfig.ts(15,13): error TS1294: This syntax is not allowed when 'erasableSyntaxOnly' is enabled.
src/types/apiConfig.ts(26,13): error TS1294: This syntax is not allowed when 'erasableSyntaxOnly' is enabled.
src/types/apiConfig.ts(35,13): error TS1294: This syntax is not allowed when 'erasableSyntaxOnly' is enabled.
src/types/apiConfig.ts(43,13): error TS1294: This syntax is not allowed when 'erasableSyntaxOnly' is enabled.
src/types/ontology.ts(918,18): error TS2430: Interface 'MaterialReadyGanttTask' incorrectly extends interface 'Omit<GanttTask, "status">'.
  Types of property 'children' are incompatible.
    Type 'MaterialReadyGanttTask[] | undefined' is not assignable to type 'GanttTask[] | undefined'.
      Type 'MaterialReadyGanttTask[]' is not assignable to type 'GanttTask[]'.
        Type 'MaterialReadyGanttTask' is not assignable to type 'GanttTask'.
          Types of property 'status' are incompatible.
            Type '"normal" | "ready" | "not-ready" | "overdue"' is not assignable to type '"normal" | "critical" | "warning"'.
              Type '"ready"' is not assignable to type '"normal" | "critical" | "warning"'.
src/utils/defaultModeCalculator.ts(20,3): error TS2724: '"../types/ontology"' has no exported member named 'ProductionPlan'. Did you mean 'ProductionPlanMode'?
src/utils/materialReadyCalculatorV2.ts(20,3): error TS2724: '"../types/ontology"' has no exported member named 'ProductionPlan'. Did you mean 'ProductionPlanMode'?
src/utils/productionPlanCalculator.ts(25,3): error TS2305: Module '"../types/ontology"' has no exported member 'Inventory'.
src/utils/productionPlanCalculator.ts(508,10): error TS2678: Type '"material-ready"' is not comparable to type 'ProductionPlanMode'.
src/utils/productionPlanCalculator.ts(517,10): error TS2678: Type '"delivery-priority"' is not comparable to type 'ProductionPlanMode'.
src/utils/productionPlanCalculator.ts(612,7): error TS2820: Type '"material-ready"' is not assignable to type 'ProductionPlanMode | undefined'. Did you mean '"material-ready-v2"'?
src/utils/productionPlanCalculator.ts(685,7): error TS2820: Type '"material-ready"' is not assignable to type 'ProductionPlanMode | undefined'. Did you mean '"material-ready-v2"'?
src/utils/productionPlanCalculator.ts(758,7): error TS2322: Type '"delivery-priority"' is not assignable to type 'ProductionPlanMode | undefined'.
